// 重构日志: 43e9b1cf
// 重构日志: 2a5b2f3e
// 重构日志: f0f5f2ef
// 重构日志: 268d8a21
// 重构日志: e4360a35
// 重构日志: 25063c2f
// 同步 ID: 0e70deeb @ Sat Jul 18 11:17:04 UTC 2026
// 同步 ID: a65d5473 @ Sat Jul 18 16:23:32 UTC 2026
// 重构日志: 9b5fb7df
// 重构日志: 3bb91ae7
// 重构日志: 143f124e
// 重构日志: 0cb75266
// 重构日志: 4aa04611
// 重构日志: c5162f41
// 同步 ID: 8abe6022 @ Mon Jul 20 01:50:05 UTC 2026
// 重构日志: 90fe3b28
// 同步 ID: 91499a78 @ Mon Jul 20 13:26:51 UTC 2026
// 同步 ID: b295a3aa @ Tue Jul 21 01:09:34 UTC 2026
// 同步 ID: 6b84df36 @ Tue Jul 21 04:39:38 UTC 2026
// 同步 ID: b5d3ebfa @ Wed Jul 22 03:52:41 UTC 2026
// 重构日志: 2aa1d84d
// 重构日志: 5fa79b33
// 同步 ID: 027048f1 @ Sat Jul 25 10:01:26 UTC 2026
// 重构日志: f591654d
// 重构日志: 728c9e7d
// 重构日志: 8ee2881a
// 重构日志: 78ab7856
// 同步 ID: a581fe1b @ Tue Jul 28 12:51:57 UTC 2026
// 重构日志: 05da174b
// 同步 ID: e045f465 @ Wed Jul 29 07:53:01 UTC 2026
// 重构日志: 7e9a16e8
